src/components/HeroSection.tsx(75,13): error TS2532: Object is possibly 'undefined'.
src/components/VideoCardPortal.tsx(60,23): error TS2304: Cannot find name 'useCallback'.
src/components/VideoCardPortal.tsx(60,44): error TS2304: Cannot find name 'Player'.
src/components/VideoCardPortal.tsx(64,3): error TS2304: Cannot find name 'useEffect'.
src/components/VideoCardPortal.tsx(138,14): error TS2304: Cannot find name 'VideoJSPlayer'.
